
> adticks-frontend@0.1.0 build
> next build

Ô¿» Failed to load next.config.mjs, see more info here https://nextjs.org/docs/messages/next-config-error

> Build error occurred
Error: Cannot find package '@sentry/nextjs' imported from F:\Codes\Claude\Adticks\frontend\next.config.mjs
    at ignore-listed frames {
  code: 'ERR_MODULE_NOT_FOUND'
}
